(base) ttcntt@A6-604-24:~$ git init
hint: Using 'master' as the name for the initial branch. This default branch name
hint: is subject to change. To configure the initial branch name to use in all
hint: of your new repositories, which will suppress this warning, call:
hint:
hint:   git config --global init.defaultBranch <name>
hint:
hint: Names commonly chosen instead of 'master' are 'main', 'trunk' and
hint: 'development'. The just-created branch can be renamed via this command:
hint:
hint:   git branch -m <name>
Initialized empty Git repository in /home/ttcntt/.git/
(base) ttcntt@A6-604-24:~$ cd gitpractice
(base) ttcntt@A6-604-24:~/gitpractice$ echo "meo may be"> readme.txt
(base) ttcntt@A6-604-24:~/gitpractice$ git status
On branch master

No commits yet

Untracked files:
  (use "git add <file>..." to include in what will be committed)
        readme.txt

nothing added to commit but untracked files present (use "git add" to track)
(base) ttcntt@A6-604-24:~/gitpractice$ git add readme.txt
(base) ttcntt@A6-604-24:~/gitpractice$ git comit -m "Initial commit"
git: 'comit' is not a git command. See 'git --help'.

The most similar command is
        commit
(base) ttcntt@A6-604-24:~/gitpractice$ git diff
(base) ttcntt@A6-604-24:~/gitpractice$ touch hell.txt
(base) ttcntt@A6-604-24:~/gitpractice$ li .
Command 'li' not found, but can be installed with:
sudo apt install libervia-cli
(base) ttcntt@A6-604-24:~/gitpractice$ echo "me may beo" > hell.txt
(base) ttcntt@A6-604-24:~/gitpractice$ git status
On branch master

No commits yet

Changes to be committed:
  (use "git rm --cached <file>..." to unstage)
        new file:   readme.txt

Untracked files:
  (use "git add <file>..." to include in what will be committed)
        hell.txt

(base) ttcntt@A6-604-24:~/gitpractice$ git log
fatal: your current branch 'master' does not have any commits yet
(base) ttcntt@A6-604-24:~/gitpractice$ git diff
(base) ttcntt@A6-604-24:~/gitpractice$ echo "linux that tuyet"> readme.txt
(base) ttcntt@A6-604-24:~/gitpractice$ git status
On branch master

No commits yet

Changes to be committed:
  (use "git rm --cached <file>..." to unstage)
        new file:   readme.txt

Changes not staged for commit:
  (use "git add <file>..." to update what will be committed)
  (use "git restore <file>..." to discard changes in working directory)
        modified:   readme.txt

Untracked files:
  (use "git add <file>..." to include in what will be committed)
        hell.txt

(base) ttcntt@A6-604-24:~/gitpractice$ git diff
diff --git a/readme.txt b/readme.txt
index ac9049c..f631339 100644
--- a/readme.txt
+++ b/readme.txt
@@ -1 +1 @@
-meo may be
+linux that tuyet
(base) ttcntt@A6-604-24:~/gitpractice$ git add readme.txt
(base) ttcntt@A6-604-24:~/gitpractice$ git commit -m "khen linux"
[master (root-commit) f83528e] khen linux
 1 file changed, 1 insertion(+)
 create mode 100644 readme.txt
(base) ttcntt@A6-604-24:~/gitpractice$ git diff
(base) ttcntt@A6-604-24:~/gitpractice$ git status
On branch master
Untracked files:
  (use "git add <file>..." to include in what will be committed)
        hell.txt

nothing added to commit but untracked files present (use "git add" to track)
(base) ttcntt@A6-604-24:~/gitpractice$
